============================= test session starts =============================
platform win32 -- Python 3.13.7, pytest-9.1.1, pluggy-1.6.0 -- C:\Users\Dell\AppData\Local\Programs\Python\Python313\python.exe
cachedir: .pytest_cache
rootdir: D:\Ahmed Dev\Projects\Basarat-fyp-official\backend
configfile: pytest.ini
plugins: anyio-4.11.0, Faker-40.39.0, langsmith-0.4.42, asyncio-1.4.0, cov-7.1.0, mock-3.15.1
asyncio: mode=Mode.AUTO, debug=False, asyncio_default_fixture_loop_scope=None, asyncio_default_test_loop_scope=function
collecting ... collected 236 items

tests/api/test_alerts_api.py::TestAlertRules::test_get_rules_empty PASSED [  0%]
tests/api/test_alerts_api.py::TestAlertRules::test_create_rule PASSED    [  0%]
tests/api/test_alerts_api.py::TestAlertRules::test_create_rule_invalid PASSED [  1%]
tests/api/test_alerts_api.py::TestAlertRules::test_update_rule PASSED    [  1%]
tests/api/test_alerts_api.py::TestAlertRules::test_delete_rule PASSED    [  2%]
tests/api/test_alerts_api.py::TestAlertRules::test_rules_requires_auth PASSED [  2%]
tests/api/test_alerts_api.py::TestAlerts::test_get_alerts PASSED         [  2%]
tests/api/test_alerts_api.py::TestAlerts::test_mark_alert_read PASSED    [  3%]
tests/api/test_alerts_api.py::TestNotifications::test_get_notifications PASSED [  3%]
tests/api/test_alerts_api.py::TestNotifications::test_mark_notification_read PASSED [  4%]
tests/api/test_auth_api.py::TestAuthSignup::test_signup_success PASSED   [  4%]
tests/api/test_auth_api.py::TestAuthSignup::test_signup_duplicate_email PASSED [  5%]
tests/api/test_auth_api.py::TestAuthSignup::test_signup_invalid_email PASSED [  5%]
tests/api/test_auth_api.py::TestAuthSignup::test_signup_short_password PASSED [  5%]
tests/api/test_auth_api.py::TestAuthLogin::test_login_success PASSED     [  6%]
tests/api/test_auth_api.py::TestAuthLogin::test_login_wrong_password PASSED [  6%]
tests/api/test_auth_api.py::TestAuthLogin::test_login_nonexistent_user PASSED [  7%]
tests/api/test_auth_api.py::TestAuthRefresh::test_refresh_success PASSED [  7%]
tests/api/test_auth_api.py::TestAuthRefresh::test_refresh_invalid_token PASSED [  8%]
tests/api/test_auth_api.py::TestAuthLogout::test_logout_requires_auth PASSED [  8%]
tests/api/test_auth_api.py::TestAuthLogout::test_logout_success PASSED   [  8%]
tests/api/test_auth_api.py::TestAuthChangePassword::test_change_password_success PASSED [  9%]
tests/api/test_auth_api.py::TestAuthChangePassword::test_change_password_wrong_current PASSED [  9%]
tests/api/test_auth_api.py::TestAuthChangePassword::test_change_password_requires_auth PASSED [ 10%]
tests/api/test_community_api.py::TestCommunityFeed::test_get_feed_empty PASSED [ 10%]
tests/api/test_community_api.py::TestCommunityFeed::test_get_feed_requires_auth PASSED [ 11%]
tests/api/test_community_api.py::TestCommunityPosts::test_create_post PASSED [ 11%]
tests/api/test_community_api.py::TestCommunityPosts::test_create_post_empty_content PASSED [ 11%]
tests/api/test_community_api.py::TestCommunityPosts::test_create_post_requires_auth PASSED [ 12%]
tests/api/test_community_api.py::TestCommunityVote::test_vote_on_post FAILED [ 12%]
tests/api/test_community_api.py::TestCommunityVote::test_vote_invalid_direction PASSED [ 13%]
tests/api/test_community_api.py::TestCommunityComments::test_get_comments_empty PASSED [ 13%]
tests/api/test_community_api.py::TestCommunityComments::test_add_comment PASSED [ 13%]
tests/api/test_community_api.py::TestCommunityLeaderboard::test_get_leaderboard PASSED [ 14%]
tests/api/test_market_api.py::TestMarketIndices::test_get_indices PASSED [ 14%]
tests/api/test_market_api.py::TestMarketIndices::test_get_kse100_constituents PASSED [ 15%]
tests/api/test_market_api.py::TestMarketIndices::test_get_kse30_constituents PASSED [ 15%]
tests/api/test_market_api.py::TestMarketIndices::test_get_kmi30_constituents PASSED [ 16%]
tests/api/test_market_api.py::TestMarketIndices::test_indices_requires_auth PASSED [ 16%]
tests/api/test_market_api.py::TestMarketGainersLosers::test_get_gainers PASSED [ 16%]
tests/api/test_market_api.py::TestMarketGainersLosers::test_get_gainers_with_limit PASSED [ 17%]
tests/api/test_market_api.py::TestMarketGainersLosers::test_get_losers PASSED [ 17%]
tests/api/test_market_api.py::TestMarketGainersLosers::test_get_volume_spikes PASSED [ 18%]
tests/api/test_market_api.py::TestMarketGainersLosers::test_gainers_limit_validation PASSED [ 18%]
tests/api/test_market_api.py::TestMarketGainersLosers::test_gainers_limit_max PASSED [ 19%]
tests/api/test_news_api.py::TestNewsEndpoints::test_get_news PASSED      [ 19%]
tests/api/test_news_api.py::TestNewsEndpoints::test_get_news_with_pagination PASSED [ 19%]
tests/api/test_news_api.py::TestNewsEndpoints::test_get_news_requires_auth PASSED [ 20%]
tests/api/test_news_api.py::TestNewsRefresh::test_refresh_news PASSED    [ 20%]
tests/api/test_portfolio_api.py::TestPortfolioGet::test_get_portfolio_empty PASSED [ 21%]
tests/api/test_portfolio_api.py::TestPortfolioGet::test_get_portfolio_requires_auth PASSED [ 21%]
tests/api/test_portfolio_api.py::TestPortfolioHoldings::test_add_holding PASSED [ 22%]
tests/api/test_portfolio_api.py::TestPortfolioHoldings::test_add_holding_requires_auth PASSED [ 22%]
tests/api/test_portfolio_api.py::TestPortfolioHoldings::test_update_holding PASSED [ 22%]
tests/api/test_portfolio_api.py::TestPortfolioHoldings::test_delete_holding PASSED [ 23%]
tests/api/test_portfolio_api.py::TestPortfolioPnL::test_get_pnl PASSED   [ 23%]
tests/api/test_portfolio_api.py::TestPortfolioPnL::test_get_pnl_requires_auth PASSED [ 24%]
tests/api/test_portfolio_api.py::TestPortfolioAllocation::test_get_allocation PASSED [ 24%]
tests/api/test_stocks_api.py::TestStockSearch::test_search_success PASSED [ 25%]
tests/api/test_stocks_api.py::TestStockSearch::test_search_requires_query PASSED [ 25%]
tests/api/test_stocks_api.py::TestStockSearch::test_search_requires_auth PASSED [ 25%]
tests/api/test_stocks_api.py::TestStockSearch::test_search_limit_validation PASSED [ 26%]
tests/api/test_stocks_api.py::TestStockOverview::test_overview_success PASSED [ 26%]
tests/api/test_stocks_api.py::TestStockOverview::test_overview_not_found PASSED [ 27%]
tests/api/test_stocks_api.py::TestStockPriceHistory::test_price_history_success PASSED [ 27%]
tests/api/test_stocks_api.py::TestStockTechnicalIndicators::test_indicators_success PASSED [ 27%]
tests/api/test_system_api.py::TestSystemEndpoints::test_ready PASSED     [ 28%]
tests/api/test_system_api.py::TestSystemEndpoints::test_root PASSED      [ 28%]
tests/api/test_system_api.py::TestHealthEndpoint::test_health PASSED     [ 29%]
tests/e2e/test_e2e_journey.py::TestNewUserJourney::test_complete_onboarding_journey PASSED [ 29%]
tests/e2e/test_e2e_journey.py::TestPortfolioManagementJourney::test_portfolio_lifecycle FAILED [ 30%]
tests/e2e/test_e2e_journey.py::TestAlertManagementJourney::test_alert_lifecycle FAILED [ 30%]
tests/e2e/test_e2e_journey.py::TestCommunityJourney::test_community_engagement FAILED [ 30%]
tests/e2e/test_e2e_journey.py::TestResearchJourney::test_stock_research_flow FAILED [ 31%]
tests/integration/test_auth_integration.py::TestAuthFlowIntegration::test_signup_login_refresh_cycle PASSED [ 31%]
tests/integration/test_auth_integration.py::TestAuthFlowIntegration::test_change_password_flow PASSED [ 32%]
tests/integration/test_auth_integration.py::TestAuthFlowIntegration::test_inactive_user_cannot_login FAILED [ 32%]
tests/integration/test_auth_integration.py::TestUserIntegration::test_get_and_update_profile PASSED [ 33%]
tests/integration/test_auth_integration.py::TestUserIntegration::test_update_risk_profile PASSED [ 33%]
tests/integration/test_auth_integration.py::TestPortfolioIntegration::test_full_portfolio_lifecycle FAILED [ 33%]
tests/integration/test_auth_integration.py::TestAlertIntegration::test_full_alert_rule_lifecycle PASSED [ 34%]
tests/integration/test_auth_integration.py::TestCommunityIntegration::test_post_comment_vote_flow FAILED [ 34%]
tests/performance/test_performance.py::TestResponseTime::test_health_response_time FAILED [ 35%]
tests/performance/test_performance.py::TestResponseTime::test_signup_response_time PASSED [ 35%]
tests/performance/test_performance.py::TestResponseTime::test_market_indices_response_time PASSED [ 36%]
tests/performance/test_performance.py::TestConcurrency::test_concurrent_signups FAILED [ 36%]
tests/performance/test_performance.py::TestConcurrency::test_concurrent_reads PASSED [ 36%]
tests/performance/test_performance.py::TestRegression::test_empty_email_returns_422 PASSED [ 37%]
tests/performance/test_performance.py::TestRegression::test_sql_injection_in_search PASSED [ 37%]
tests/performance/test_performance.py::TestRegression::test_xss_in_post_content PASSED [ 38%]
tests/performance/test_performance.py::TestRegression::test_large_payload_rejected PASSED [ 38%]
tests/performance/test_performance.py::TestRegression::test_negative_quantity_rejected PASSED [ 38%]
tests/performance/test_performance.py::TestRegression::test_limit_param_boundary PASSED [ 39%]
tests/security/test_security.py::TestAuthenticationSecurity::test_unauthenticated_access_rejected PASSED [ 39%]
tests/security/test_security.py::TestAuthenticationSecurity::test_invalid_token_rejected PASSED [ 40%]
tests/security/test_security.py::TestAuthenticationSecurity::test_expired_token_rejected PASSED [ 40%]
tests/security/test_security.py::TestAuthenticationSecurity::test_malformed_bearer_header PASSED [ 41%]
tests/security/test_security.py::TestAuthenticationSecurity::test_empty_bearer_token PASSED [ 41%]
tests/security/test_security.py::TestAuthorizationSecurity::test_non_admin_cannot_access_admin_routes PASSED [ 41%]
tests/security/test_security.py::TestAuthorizationSecurity::test_user_cannot_modify_other_users_data FAILED [ 42%]
tests/security/test_security.py::TestInputValidation::test_sql_injection_in_signup PASSED [ 42%]
tests/security/test_security.py::TestInputValidation::test_sql_injection_in_search PASSED [ 43%]
tests/security/test_security.py::TestInputValidation::test_sql_injection_in_login FAILED [ 43%]
tests/security/test_security.py::TestInputValidation::test_xss_in_community_post PASSED [ 44%]
tests/security/test_security.py::TestInputValidation::test_path_traversal_in_stock_symbol PASSED [ 44%]
tests/security/test_security.py::TestInputValidation::test_oversized_payload_rejected PASSED [ 44%]
tests/security/test_security.py::TestInputValidation::test_negative_stock_quantity_rejected PASSED [ 45%]
tests/security/test_security.py::TestInputValidation::test_zero_stock_quantity_rejected PASSED [ 45%]
tests/security/test_security.py::TestTokenSecurity::test_token_type_confusion PASSED [ 46%]
tests/security/test_security.py::TestTokenSecurity::test_token_with_wrong_algorithm PASSED [ 46%]
tests/security/test_security.py::TestTokenSecurity::test_reuse_of_refresh_token_as_access PASSED [ 47%]
tests/security/test_security.py::TestPasswordSecurity::test_password_not_returned_in_response PASSED [ 47%]
tests/security/test_security.py::TestPasswordSecurity::test_login_failure_does_not_leak_info FAILED [ 47%]
tests/test_news_pipeline.py::TestNormaliseUrl::test_strips_query_and_fragment PASSED [ 48%]
tests/test_news_pipeline.py::TestNormaliseUrl::test_lowercases_scheme_and_host PASSED [ 48%]
tests/test_news_pipeline.py::TestNormaliseUrl::test_strips_trailing_slash PASSED [ 49%]
tests/test_news_pipeline.py::TestNormaliseTitle::test_lowercases_and_strips PASSED [ 49%]
tests/test_news_pipeline.py::TestNormaliseTitle::test_collapses_whitespace PASSED [ 50%]
tests/test_news_pipeline.py::TestNormaliseTitle::test_strips_punctuation PASSED [ 50%]
tests/test_news_pipeline.py::TestContentHash::test_same_input_same_hash PASSED [ 50%]
tests/test_news_pipeline.py::TestContentHash::test_different_input_different_hash PASSED [ 51%]
tests/test_news_pipeline.py::TestContentHash::test_is_deterministic PASSED [ 51%]
tests/test_news_pipeline.py::TestIsDuplicate::test_not_duplicate_empty_set PASSED [ 52%]
tests/test_news_pipeline.py::TestIsDuplicate::test_duplicate_in_set PASSED [ 52%]
tests/test_news_pipeline.py::TestSymbolTagger::test_single_symbol_match PASSED [ 52%]
tests/test_news_pipeline.py::TestSymbolTagger::test_multiple_symbols PASSED [ 53%]
tests/test_news_pipeline.py::TestSymbolTagger::test_no_match PASSED      [ 53%]
tests/test_news_pipeline.py::TestSymbolTagger::test_case_insensitive PASSED [ 54%]
tests/test_news_pipeline.py::TestSymbolTagger::test_alias_match PASSED   [ 54%]
tests/test_news_pipeline.py::TestEventClassifier::test_earnings PASSED   [ 55%]
tests/test_news_pipeline.py::TestEventClassifier::test_dividend PASSED   [ 55%]
tests/test_news_pipeline.py::TestEventClassifier::test_interest_rate PASSED [ 55%]
tests/test_news_pipeline.py::TestEventClassifier::test_interest_rate_pure PASSED [ 56%]
tests/test_news_pipeline.py::TestEventClassifier::test_monetary_policy PASSED [ 56%]
tests/test_news_pipeline.py::TestEventClassifier::test_acquisition PASSED [ 57%]
tests/test_news_pipeline.py::TestEventClassifier::test_regulatory PASSED [ 57%]
tests/test_news_pipeline.py::TestEventClassifier::test_other PASSED      [ 58%]
tests/test_news_pipeline.py::TestEventClassifier::test_batch_classification PASSED [ 58%]
tests/test_news_pipeline.py::TestImpactScorer::test_high_impact_official_source PASSED [ 58%]
tests/test_news_pipeline.py::TestImpactScorer::test_low_impact_general_news PASSED [ 59%]
tests/test_news_pipeline.py::TestImpactScorer::test_score_clamped_to_100 PASSED [ 59%]
tests/test_news_pipeline.py::TestImpactScorer::test_score_non_negative PASSED [ 60%]
tests/test_news_pipeline.py::TestImpactScorer::test_batch_scoring PASSED [ 60%]
tests/test_news_pipeline.py::TestMultipleSymbolArticles::test_article_affecting_multiple_companies PASSED [ 61%]
tests/test_news_pipeline.py::TestMarketSchedule::test_is_weekendSaturday PASSED [ 61%]
tests/test_news_pipeline.py::TestMarketSchedule::test_is_weekendSunday PASSED [ 61%]
tests/test_news_pipeline.py::TestMarketSchedule::test_market_hours_weekday PASSED [ 62%]
tests/test_news_pipeline.py::TestMarketSchedule::test_post_market_weekday PASSED [ 62%]
tests/test_news_pipeline.py::TestMarketSchedule::test_closed_after_post_market PASSED [ 63%]
tests/test_news_pipeline.py::TestMarketSchedule::test_closed_before_market_open PASSED [ 63%]
tests/test_news_pipeline.py::TestMarketSchedule::test_ingestion_interval_market PASSED [ 63%]
tests/test_news_pipeline.py::TestMarketSchedule::test_ingestion_interval_post_market PASSED [ 64%]
tests/test_news_pipeline.py::TestMarketSchedule::test_ingestion_interval_closed PASSED [ 64%]
tests/test_news_pipeline.py::TestMarketSchedule::test_next_window_before_open PASSED [ 65%]
tests/test_news_pipeline.py::TestMarketSchedule::test_next_window_after_post_market PASSED [ 65%]
tests/test_news_pipeline.py::TestMarketSchedule::test_next_window_friday_after_post_market PASSED [ 66%]
tests/test_news_pipeline.py::TestMarketSchedule::test_market_status_structure PASSED [ 66%]
tests/test_news_pipeline.py::TestIngestionState::test_set_and_get_last_ingestion_time PASSED [ 66%]
tests/test_news_pipeline.py::TestIngestionState::test_increment_run_count PASSED [ 67%]
tests/unit/test_authorization.py::TestGetTokenPayload::test_no_credentials_raises_unauthorized PASSED [ 67%]
tests/unit/test_authorization.py::TestGetTokenPayload::test_invalid_token_raises_unauthorized PASSED [ 68%]
tests/unit/test_authorization.py::TestGetTokenPayload::test_refresh_token_type_raises_unauthorized PASSED [ 68%]
tests/unit/test_authorization.py::TestGetTokenPayload::test_valid_access_token_returns_payload PASSED [ 69%]
tests/unit/test_authorization.py::TestGetCurrentUser::test_missing_sub_raises_unauthorized PASSED [ 69%]
tests/unit/test_authorization.py::TestGetCurrentUser::test_user_not_found_raises_unauthorized PASSED [ 69%]
tests/unit/test_authorization.py::TestGetCurrentUser::test_inactive_user_raises_forbidden PASSED [ 70%]
tests/unit/test_authorization.py::TestGetCurrentUser::test_active_user_returns_user PASSED [ 70%]
tests/unit/test_authorization.py::TestGetCurrentAdmin::test_non_admin_raises_forbidden PASSED [ 71%]
tests/unit/test_authorization.py::TestGetCurrentAdmin::test_admin_returns_user PASSED [ 71%]
tests/unit/test_authorization.py::TestRequireRoles::test_returns_coroutine PASSED [ 72%]
tests/unit/test_authorization.py::TestRequireRoles::test_admin_in_admin_role PASSED [ 72%]
tests/unit/test_authorization.py::TestRequireRoles::test_user_not_in_admin_role PASSED [ 72%]
tests/unit/test_authorization.py::TestRequireRoles::test_user_in_user_role PASSED [ 73%]
tests/unit/test_exceptions.py::TestAppError::test_default_message PASSED [ 73%]
tests/unit/test_exceptions.py::TestAppError::test_custom_message PASSED  [ 74%]
tests/unit/test_exceptions.py::TestAppError::test_is_exception PASSED    [ 74%]
tests/unit/test_exceptions.py::TestSpecificErrors::test_error_status_code[BadRequestError-400-Bad request] PASSED [ 75%]
tests/unit/test_exceptions.py::TestSpecificErrors::test_error_status_code[UnauthorizedError-401-Not authenticated] PASSED [ 75%]
tests/unit/test_exceptions.py::TestSpecificErrors::test_error_status_code[ForbiddenError-403-Not enough permissions] PASSED [ 75%]
tests/unit/test_exceptions.py::TestSpecificErrors::test_error_status_code[NotFoundError-404-Resource not found] PASSED [ 76%]
tests/unit/test_exceptions.py::TestSpecificErrors::test_error_status_code[ConflictError-409-Resource already exists] PASSED [ 76%]
tests/unit/test_exceptions.py::TestSpecificErrors::test_error_status_code[ValidationFailedError-422-Validation failed] PASSED [ 77%]
tests/unit/test_exceptions.py::TestSpecificErrors::test_error_status_code[ServiceUnavailableError-503-Service unavailable] PASSED [ 77%]
tests/unit/test_exceptions.py::TestSpecificErrors::test_custom_detail_override PASSED [ 77%]
tests/unit/test_exceptions.py::TestSpecificErrors::test_all_inherit_from_app_error PASSED [ 78%]
tests/unit/test_schemas.py::TestSignupRequest::test_valid_signup PASSED  [ 78%]
tests/unit/test_schemas.py::TestSignupRequest::test_invalid_email PASSED [ 79%]
tests/unit/test_schemas.py::TestSignupRequest::test_short_password PASSED [ 79%]
tests/unit/test_schemas.py::TestSignupRequest::test_optional_full_name PASSED [ 80%]
tests/unit/test_schemas.py::TestLoginRequest::test_valid_login PASSED    [ 80%]
tests/unit/test_schemas.py::TestRefreshRequest::test_valid_refresh PASSED [ 80%]
tests/unit/test_schemas.py::TestChangePasswordRequest::test_valid_change PASSED [ 81%]
tests/unit/test_schemas.py::TestChangePasswordRequest::test_short_new_password PASSED [ 81%]
tests/unit/test_schemas.py::TestUpdateProfileRequest::test_all_optional PASSED [ 82%]
tests/unit/test_schemas.py::TestUpdateProfileRequest::test_valid_update PASSED [ 82%]
tests/unit/test_schemas.py::TestUpdateRiskProfileRequest::test_valid_risk_tolerance PASSED [ 83%]
tests/unit/test_schemas.py::TestUpdateRiskProfileRequest::test_invalid_risk_tolerance PASSED [ 83%]
tests/unit/test_schemas.py::TestDeviceRegisterRequest::test_valid_device PASSED [ 83%]
tests/unit/test_schemas.py::TestDeviceRegisterRequest::test_invalid_platform PASSED [ 84%]
tests/unit/test_schemas.py::TestAlertRuleCreate::test_valid_alert PASSED [ 84%]
tests/unit/test_schemas.py::TestAlertRuleCreate::test_empty_condition PASSED [ 85%]
tests/unit/test_schemas.py::TestStockSearchResult::test_valid_result PASSED [ 85%]
tests/unit/test_schemas.py::TestPostCreate::test_valid_post PASSED       [ 86%]
tests/unit/test_schemas.py::TestPostCreate::test_missing_fields PASSED   [ 86%]
tests/unit/test_schemas.py::TestVoteRequest::test_valid_vote PASSED      [ 86%]
tests/unit/test_schemas.py::TestVoteRequest::test_invalid_direction PASSED [ 87%]
tests/unit/test_schemas.py::TestCommentCreate::test_valid_comment PASSED [ 87%]
tests/unit/test_schemas.py::TestMarketSchemas::test_market_quote_item PASSED [ 88%]
tests/unit/test_schemas.py::TestMarketSchemas::test_gainers_response PASSED [ 88%]
tests/unit/test_schemas.py::TestMarketSchemas::test_losers_response PASSED [ 88%]
tests/unit/test_schemas.py::TestMarketSchemas::test_volume_spikes_response PASSED [ 89%]
tests/unit/test_schemas.py::TestMarketSchemas::test_constituent_item PASSED [ 89%]
tests/unit/test_schemas.py::TestMarketSchemas::test_index_constituents_response PASSED [ 90%]
tests/unit/test_schemas.py::TestPortfolioSchemas::test_holding_create PASSED [ 90%]
tests/unit/test_schemas.py::TestPortfolioSchemas::test_holding_update_all_optional PASSED [ 91%]
tests/unit/test_schemas.py::TestPortfolioSchemas::test_holding_update_partial PASSED [ 91%]
tests/unit/test_security.py::TestPasswordHashing::test_hash_password_returns_string PASSED [ 91%]
tests/unit/test_security.py::TestPasswordHashing::test_hash_password_is_bcrypt_format PASSED [ 92%]
tests/unit/test_security.py::TestPasswordHashing::test_verify_password_correct PASSED [ 92%]
tests/unit/test_security.py::TestPasswordHashing::test_verify_password_incorrect PASSED [ 93%]
tests/unit/test_security.py::TestPasswordHashing::test_different_hashes_for_same_password PASSED [ 93%]
tests/unit/test_security.py::TestPasswordHashing::test_hash_empty_password PASSED [ 94%]
tests/unit/test_security.py::TestPasswordHashing::test_hash_unicode_password PASSED [ 94%]
tests/unit/test_security.py::TestAccessToken::test_create_access_token_returns_string PASSED [ 94%]
tests/unit/test_security.py::TestAccessToken::test_access_token_decodes_correctly PASSED [ 95%]
tests/unit/test_security.py::TestAccessToken::test_access_token_with_custom_expiry PASSED [ 95%]
tests/unit/test_security.py::TestAccessToken::test_access_token_with_empty_data PASSED [ 96%]
tests/unit/test_security.py::TestAccessToken::test_access_token_preserves_extra_claims PASSED [ 96%]
tests/unit/test_security.py::TestRefreshToken::test_create_refresh_token_returns_string PASSED [ 97%]
tests/unit/test_security.py::TestRefreshToken::test_refresh_token_decodes_correctly PASSED [ 97%]
tests/unit/test_security.py::TestRefreshToken::test_refresh_token_has_jti PASSED [ 97%]
tests/unit/test_security.py::TestRefreshToken::test_refresh_tokens_have_unique_jti PASSED [ 98%]
tests/unit/test_security.py::TestDecodeToken::test_decode_invalid_token PASSED [ 98%]
tests/unit/test_security.py::TestDecodeToken::test_decode_empty_string PASSED [ 99%]
tests/unit/test_security.py::TestDecodeToken::test_decode_tampered_token PASSED [ 99%]
tests/unit/test_security.py::TestDecodeToken::test_decode_with_wrong_secret PASSED [100%]

================================== FAILURES ===================================
_____________________ TestCommunityVote.test_vote_on_post _____________________

self = <tests.api.test_community_api.TestCommunityVote object at 0x00000251067D5090>
client = <httpx.AsyncClient object at 0x000002510676CA10>
auth_headers = {'Authorization': 'Bearer eyJhbGciOiJIUzI1NiIsInR5cCI6IkpXVCJ9.eyJzdWIiOiI3YTIzN2E2ZmU4Yzg0MjQyOGZmYjAwNWQ3NDdmNDRiNyIsImV4cCI6MTc4OTU3NDcxNiwidHlwZSI6ImFjY2VzcyJ9.q-sb9jOTE-0gTv0BS0cLFjhrPksfvKykLsXtbFlVWKs'}
db_session = <sqlalchemy.ext.asyncio.session.AsyncSession object at 0x0000025106CB62D0>
test_user = <app.models.user.User object at 0x0000025106ACB020>

    async def test_vote_on_post(self, client: AsyncClient, auth_headers, db_session: AsyncSession, test_user: User):
        from app.models.community import Post
        post = Post(user_id=test_user.id, symbol="HBL", stance="bullish", rationale_text="Vote on me")
        db_session.add(post)
        await db_session.flush()
    
        resp = await client.post(
            f"/api/v1/community/posts/{post.id}/vote",
            headers=auth_headers,
            json={"direction": "up"},
        )
>       assert resp.status_code == 200
E       assert 503 == 200
E        +  where 503 = <Response [503 Service Unavailable]>.status_code

tests\api\test_community_api.py:63: AssertionError
___________ TestPortfolioManagementJourney.test_portfolio_lifecycle ___________

self = <tests.e2e.test_e2e_journey.TestPortfolioManagementJourney object at 0x00000251067D7890>
client = <httpx.AsyncClient object at 0x0000025106CDDE50>

    async def test_portfolio_lifecycle(self, client: AsyncClient):
        signup = await client.post("/api/v1/auth/signup", json={
            "email": "portfolio@test.com",
            "password": "Port123!",
        })
        token = signup.json()["access_token"]
        headers = {"Authorization": f"Bearer {token}"}
    
        holdings_to_add = [
            {"symbol": "HBL", "quantity": 100, "avg_buy_price": 150.0, "purchase_date": "2025-01-01"},
            {"symbol": "OGDC", "quantity": 200, "avg_buy_price": 90.0, "purchase_date": "2025-01-01"},
            {"symbol": "LUCK", "quantity": 50, "avg_buy_price": 620.0, "purchase_date": "2025-01-01"},
        ]
    
        holding_ids = []
        for h in holdings_to_add:
            resp = await client.post(
                "/api/v1/portfolio/holdings",
                headers=headers,
                json=h,
            )
>           assert resp.status_code == 201
E           assert 503 == 201
E            +  where 503 = <Response [503 Service Unavailable]>.status_code

tests\e2e\test_e2e_journey.py:73: AssertionError
_______________ TestAlertManagementJourney.test_alert_lifecycle _______________

self = <tests.e2e.test_e2e_journey.TestAlertManagementJourney object at 0x00000251067D79D0>
client = <httpx.AsyncClient object at 0x0000025106EACE90>

    async def test_alert_lifecycle(self, client: AsyncClient):
        signup = await client.post("/api/v1/auth/signup", json={
            "email": "alertuser@test.com",
            "password": "Alert123!",
        })
        token = signup.json()["access_token"]
        headers = {"Authorization": f"Bearer {token}"}
    
        rule_resp = await client.post(
            "/api/v1/alerts/rules",
            headers=headers,
            json={"condition": "price_above", "threshold": 200.0},
        )
        assert rule_resp.status_code == 201
        rule_id = rule_resp.json()["id"]
    
        rules = await client.get("/api/v1/alerts/rules", headers=headers)
        assert rules.status_code == 200
>       assert any(r["id"] == rule_id for r in rules.json()["rules"])
                                               ^^^^^^^^^^^^^^^^^^^^^
E       TypeError: list indices must be integers or slices, not str

tests\e2e\test_e2e_journey.py:123: TypeError
_______________ TestCommunityJourney.test_community_engagement ________________

self = <tests.e2e.test_e2e_journey.TestCommunityJourney object at 0x00000251067D7B10>
client = <httpx.AsyncClient object at 0x0000025106EAF350>

    async def test_community_engagement(self, client: AsyncClient):
        signup = await client.post("/api/v1/auth/signup", json={
            "email": "community@test.com",
            "password": "Comm123!",
        })
        token = signup.json()["access_token"]
        headers = {"Authorization": f"Bearer {token}"}
    
        post_resp = await client.post(
            "/api/v1/community/posts",
            headers=headers,
            json={"symbol": "HBL", "stance": "bullish", "rationale_text": "What do you think about HBL at 150?"},
        )
        assert post_resp.status_code == 201
        post_id = post_resp.json()["id"]
    
        comment_resp = await client.post(
            f"/api/v1/community/posts/{post_id}/comments",
            headers=headers,
            json={"text": "Strong buy signal!"},
        )
        assert comment_resp.status_code == 201
    
        vote_resp = await client.post(
            f"/api/v1/community/posts/{post_id}/vote",
            headers=headers,
            json={"direction": "up"},
        )
>       assert vote_resp.status_code == 200
E       assert 503 == 200
E        +  where 503 = <Response [503 Service Unavailable]>.status_code

tests\e2e\test_e2e_journey.py:167: AssertionError
________________ TestResearchJourney.test_stock_research_flow _________________

self = <tests.e2e.test_e2e_journey.TestResearchJourney object at 0x00000251067D7C50>
client = <httpx.AsyncClient object at 0x0000025106EAD0D0>

    async def test_stock_research_flow(self, client: AsyncClient):
        signup = await client.post("/api/v1/auth/signup", json={
            "email": "researcher@test.com",
            "password": "Research1!",
        })
        token = signup.json()["access_token"]
        headers = {"Authorization": f"Bearer {token}"}
    
        overview = await client.get("/api/v1/stocks/HBL/overview", headers=headers)
>       assert overview.status_code in (200, 404)
E       assert 503 in (200, 404)
E        +  where 503 = <Response [503 Service Unavailable]>.status_code

tests\e2e\test_e2e_journey.py:196: AssertionError
___________ TestAuthFlowIntegration.test_inactive_user_cannot_login ___________

self = <tests.integration.test_auth_integration.TestAuthFlowIntegration object at 0x00000251066FB230>
client = <httpx.AsyncClient object at 0x0000025106EAED50>
inactive_user = <app.models.user.User object at 0x00000251072DBA70>

    async def test_inactive_user_cannot_login(self, client: AsyncClient, inactive_user):
        resp = await client.post("/api/v1/auth/login", json={
            "email": inactive_user.email,
            "password": "TestPass123!",
        })
>       assert resp.status_code == 401
E       assert 503 == 401
E        +  where 503 = <Response [503 Service Unavailable]>.status_code

tests\integration\test_auth_integration.py:76: AssertionError
___________ TestPortfolioIntegration.test_full_portfolio_lifecycle ____________

self = <tests.integration.test_auth_integration.TestPortfolioIntegration object at 0x000002510682C410>
client = <httpx.AsyncClient object at 0x0000025106EAD250>
auth_headers = {'Authorization': 'Bearer eyJhbGciOiJIUzI1NiIsInR5cCI6IkpXVCJ9.eyJzdWIiOiIwYWU1NzJkOGZiZmE0ZWRhOTJjN2I4NjY1NmViMTgxZCIsImV4cCI6MTc4OTU3NDc2NSwidHlwZSI6ImFjY2VzcyJ9.qDlK329kpIVRJkLIsLq8qFFabH10UL6QcrFtQO5e83M'}

    async def test_full_portfolio_lifecycle(self, client: AsyncClient, auth_headers):
        create_resp = await client.post(
            "/api/v1/portfolio/holdings",
            headers=auth_headers,
            json={"symbol": "HBL", "quantity": 100, "avg_buy_price": 150.0, "purchase_date": "2025-01-01"},
        )
        assert create_resp.status_code in (201, 503)
>       holding_id = create_resp.json()["id"]
                     ^^^^^^^^^^^^^^^^^^^^^^^^
E       KeyError: 'id'

tests\integration\test_auth_integration.py:112: KeyError
____________ TestCommunityIntegration.test_post_comment_vote_flow _____________

self = <tests.integration.test_auth_integration.TestCommunityIntegration object at 0x000002510682C690>
client = <httpx.AsyncClient object at 0x0000025106EACB90>
auth_headers = {'Authorization': 'Bearer eyJhbGciOiJIUzI1NiIsInR5cCI6IkpXVCJ9.eyJzdWIiOiI1ZjhhNjJlNzY3NDA0NDA4OWJmZjI0ZWE3MjA1ZjdjOSIsImV4cCI6MTc4OTU3NDc2NiwidHlwZSI6ImFjY2VzcyJ9.EPwyTJ4Z-WM9lcUAPzk-eS-BaKs7XS-SKKA4_Jj2-AE'}

    async def test_post_comment_vote_flow(self, client: AsyncClient, auth_headers):
        post_resp = await client.post(
            "/api/v1/community/posts",
            headers=auth_headers,
            json={"symbol": "HBL", "stance": "bullish", "rationale_text": "Integration test post about HBL"},
        )
        assert post_resp.status_code == 201
        post_id = post_resp.json()["id"]
    
        comment_resp = await client.post(
            f"/api/v1/community/posts/{post_id}/comments",
            headers=auth_headers,
            json={"text": "Test comment"},
        )
        assert comment_resp.status_code == 201
    
        vote_resp = await client.post(
            f"/api/v1/community/posts/{post_id}/vote",
            headers=auth_headers,
            json={"direction": "up"},
        )
>       assert vote_resp.status_code == 200
E       assert 503 == 200
E        +  where 503 = <Response [503 Service Unavailable]>.status_code

tests\integration\test_auth_integration.py:186: AssertionError
_________________ TestResponseTime.test_health_response_time __________________

self = <tests.performance.test_performance.TestResponseTime object at 0x000002510682C910>
client = <httpx.AsyncClient object at 0x0000025106B4BD10>

    async def test_health_response_time(self, client: AsyncClient):
        resp, ms = await self._measure(client, "get", "/api/v1/health")
        assert resp.status_code == 200
>       assert ms < self.MAX_RESPONSE_MS, f"Health endpoint took {ms:.0f}ms"
E       AssertionError: Health endpoint took 15882ms
E       assert 15882.101199997123 < 2000
E        +  where 2000 = <tests.performance.test_performance.TestResponseTime object at 0x000002510682C910>.MAX_RESPONSE_MS

tests\performance\test_performance.py:25: AssertionError
___________________ TestConcurrency.test_concurrent_signups ___________________

self = <tests.performance.test_performance.TestConcurrency object at 0x000002510682CA50>
client = <httpx.AsyncClient object at 0x0000025106EAFB90>

    async def test_concurrent_signups(self, client: AsyncClient):
        async def signup(i):
            return await client.post("/api/v1/auth/signup", json={
                "email": f"conc{i}@test.com",
                "password": "ConcPass1!",
            })
    
        results = await asyncio.gather(*[signup(i) for i in range(10)])
        statuses = [r.status_code for r in results]
>       assert all(s == 201 for s in statuses)
E       assert False
E        +  where False = all(<generator object TestConcurrency.test_concurrent_signups.<locals>.<genexpr> at 0x0000025107412C20>)

tests\performance\test_performance.py:66: AssertionError
---------------------------- Captured stderr call -----------------------------
D:\Ahmed Dev\Projects\Basarat-fyp-official\backend\app\services\auth_service.py:53: SAWarning: Usage of the 'Session.add()' operation is not currently supported within the execution stage of the flush process. Results may not be consistent.  Consider using alternative event listeners or connection-level operations instead.
  self.db.add(user)
_____ TestAuthorizationSecurity.test_user_cannot_modify_other_users_data ______

self = <tests.security.test_security.TestAuthorizationSecurity object at 0x000002510682D310>
client = <httpx.AsyncClient object at 0x00000251074CD3D0>
db_session = <sqlalchemy.ext.asyncio.session.AsyncSession object at 0x000002510754A330>
auth_headers = {'Authorization': 'Bearer eyJhbGciOiJIUzI1NiIsInR5cCI6IkpXVCJ9.eyJzdWIiOiJlYWJkOGMwMzBlZmM0NGRlYjYzNjNlMzYyOTJhMjg5NSIsImV4cCI6MTc4OTU3NDgwMSwidHlwZSI6ImFjY2VzcyJ9.RLIWxDQT84IjIscU7W406mbHT7T8m0mkJ9k4JZfHwwY'}

    async def test_user_cannot_modify_other_users_data(
        self, client: AsyncClient, db_session, auth_headers
    ):
        from app.models.user import User
        from app.core.security import hash_password
    
        other = User(
            email="other@test.com",
            username="other",
            hashed_password=hash_password("pass"),
        )
        db_session.add(other)
        await db_session.flush()
    
        resp = await client.delete(
            f"/api/v1/portfolio/holdings/{other.id}",
            headers=auth_headers,
        )
>       assert resp.status_code in (403, 404)
E       assert 503 in (403, 404)
E        +  where 503 = <Response [503 Service Unavailable]>.status_code

tests\security\test_security.py:75: AssertionError
_______________ TestInputValidation.test_sql_injection_in_login _______________

self = <tests.security.test_security.TestInputValidation object at 0x00000251066FBA80>
client = <httpx.AsyncClient object at 0x00000251074CC7D0>

    async def test_sql_injection_in_login(self, client: AsyncClient):
        resp = await client.post("/api/v1/auth/login", json={
            "email": "admin@test.com",
            "password": "' OR '1'='1",
        })
>       assert resp.status_code == 401
E       assert 503 == 401
E        +  where 503 = <Response [503 Service Unavailable]>.status_code

tests\security\test_security.py:99: AssertionError
_________ TestPasswordSecurity.test_login_failure_does_not_leak_info __________

self = <tests.security.test_security.TestPasswordSecurity object at 0x000002510682DA90>
client = <httpx.AsyncClient object at 0x00000251074CF110>

    async def test_login_failure_does_not_leak_info(self, client: AsyncClient):
        resp = await client.post("/api/v1/auth/login", json={
            "email": "nonexistent@test.com",
            "password": "wrong",
        })
>       assert resp.status_code == 401
E       assert 503 == 401
E        +  where 503 = <Response [503 Service Unavailable]>.status_code

tests\security\test_security.py:206: AssertionError
=========================== short test summary info ===========================
FAILED tests/api/test_community_api.py::TestCommunityVote::test_vote_on_post - assert 503 == 200
 +  where 503 = <Response [503 Service Unavailable]>.status_code
FAILED tests/e2e/test_e2e_journey.py::TestPortfolioManagementJourney::test_portfolio_lifecycle - assert 503 == 201
 +  where 503 = <Response [503 Service Unavailable]>.status_code
FAILED tests/e2e/test_e2e_journey.py::TestAlertManagementJourney::test_alert_lifecycle - TypeError: list indices must be integers or slices, not str
FAILED tests/e2e/test_e2e_journey.py::TestCommunityJourney::test_community_engagement - assert 503 == 200
 +  where 503 = <Response [503 Service Unavailable]>.status_code
FAILED tests/e2e/test_e2e_journey.py::TestResearchJourney::test_stock_research_flow - assert 503 in (200, 404)
 +  where 503 = <Response [503 Service Unavailable]>.status_code
FAILED tests/integration/test_auth_integration.py::TestAuthFlowIntegration::test_inactive_user_cannot_login - assert 503 == 401
 +  where 503 = <Response [503 Service Unavailable]>.status_code
FAILED tests/integration/test_auth_integration.py::TestPortfolioIntegration::test_full_portfolio_lifecycle - KeyError: 'id'
FAILED tests/integration/test_auth_integration.py::TestCommunityIntegration::test_post_comment_vote_flow - assert 503 == 200
 +  where 503 = <Response [503 Service Unavailable]>.status_code
FAILED tests/performance/test_performance.py::TestResponseTime::test_health_response_time - AssertionError: Health endpoint took 15882ms
assert 15882.101199997123 < 2000
 +  where 2000 = <tests.performance.test_performance.TestResponseTime object at 0x000002510682C910>.MAX_RESPONSE_MS
FAILED tests/performance/test_performance.py::TestConcurrency::test_concurrent_signups - assert False
 +  where False = all(<generator object TestConcurrency.test_concurrent_signups.<locals>.<genexpr> at 0x0000025107412C20>)
FAILED tests/security/test_security.py::TestAuthorizationSecurity::test_user_cannot_modify_other_users_data - assert 503 in (403, 404)
 +  where 503 = <Response [503 Service Unavailable]>.status_code
FAILED tests/security/test_security.py::TestInputValidation::test_sql_injection_in_login - assert 503 == 401
 +  where 503 = <Response [503 Service Unavailable]>.status_code
FAILED tests/security/test_security.py::TestPasswordSecurity::test_login_failure_does_not_leak_info - assert 503 == 401
 +  where 503 = <Response [503 Service Unavailable]>.status_code
================= 13 failed, 223 passed in 111.29s (0:01:51) ==================
